// Vitest Snapshot v1, https://vitest.dev/guide/snapshot.html

exports[`Entered code must change in the form 1`] = `{}`;
