// Vitest Snapshot v1, https://vitest.dev/guide/snapshot.html

exports[`App must be rendering 1`] = `
{
  "debug": [Function],
  "findAllByAltText": [Function],
  "findAllByDisplayValue": [Function],
  "findAllByLabelText": [Function],
  "findAllByPlaceholderText": [Function],
  "findAllByRole": [Function],
  "findAllByTestId": [Function],
  "findAllByText": [Function],
  "findAllByTitle": [Function],
  "findByAltText": [Function],
  "findByDisplayValue": [Function],
  "findByLabelText": [Function],
  "findByPlaceholderText": [Function],
  "findByRole": [Function],
  "findByTestId": [Function],
  "findByText": [Function],
  "findByTitle": [Function],
  "getAllByAltText": [Function],
  "getAllByDisplayValue": [Function],
  "getAllByLabelText": [Function],
  "getAllByPlaceholderText": [Function],
  "getAllByRole": [Function],
  "getAllByTestId": [Function],
  "getAllByText": [Function],
  "getAllByTitle": [Function],
  "getByAltText": [Function],
  "getByDisplayValue": [Function],
  "getByLabelText": [Function],
  "getByPlaceholderText": [Function],
  "getByRole": [Function],
  "getByTestId": [Function],
  "getByText": [Function],
  "getByTitle": [Function],
  "logTestingPlaygroundURL": [Function],
  "queryAllByAltText": [Function],
  "queryAllByDisplayValue": [Function],
  "queryAllByLabelText": [Function],
  "queryAllByPlaceholderText": [Function],
  "queryAllByRole": [Function],
  "queryAllByTestId": [Function],
  "queryAllByText": [Function],
  "queryAllByTitle": [Function],
  "queryByAltText": [Function],
  "queryByDisplayValue": [Function],
  "queryByLabelText": [Function],
  "queryByPlaceholderText": [Function],
  "queryByRole": [Function],
  "queryByTestId": [Function],
  "queryByText": [Function],
  "queryByTitle": [Function],
}
`;

exports[`App must render according to snapshot 1`] = `
<DocumentFragment>
  <div
    class="min-h-screen bg-black"
  >
    <div
      class="container mx-auto flex flex-wrap flex-col md:flex-row justify-center h-screen items-center"
    >
      <div>
        <img
          alt="LensUp logo."
          height="147"
          src="/@fs/C:/Users/safronov/source/lens-up/ui-applications/packages/shared-components/src/images/lens-up-logo.png"
          width="379"
        />
        <form
          class="px-7 py-4 bg-black rounded-lg leading-none border-double border-4 border-white shadow-lg max-w-sm mx-auto"
        >
          <div
            class="mb-5"
          >
            <div>
              <label
                class="block mb-2 text-sm font-medium text-gray-50 dark:text-white"
                for=":r0:"
              >
                Join to your gallery:
              </label>
              <input
                class="bg-gray-50 border border-gray-300 text-gray-900 text-sm rounded-lg focus:ring-blue-500 focus:border-blue-500 block w-full p-2.5 dark:bg-gray-700 dark:border-gray-600 dark:placeholder-gray-400 dark:text-white dark:focus:ring-blue-500 dark:focus:border-blue-500"
                id=":r0:"
                placeholder="Enter code"
                required=""
                type="number"
                value=""
              />
            </div>
          </div>
          <div
            class="flex items-center justify-center"
          >
            <div
              class="text-center relative group"
            >
              <button
                class="text-white bg-blue-700 hover:bg-blue-800 focus:ring-4 focus:outline-none focus:ring-blue-300 font-medium rounded-full text-sm w-full sm:w-auto px-5 py-2.5 text-center dark:bg-blue-600 dark:hover:bg-blue-700 dark:focus:ring-blue-800 inline-flex items-center justify-center"
                type="submit"
              >
                Join
              </button>
            </div>
          </div>
        </form>
      </div>
    </div>
  </div>
</DocumentFragment>
`;

exports[`Middleware must shows action rejection 1`] = `[Function]`;
